// Jest Snapshot v1, https://goo.gl/fbAQLP

exports[`all about h1 tag should render correctly 1`] = `
<DocumentFragment>
  <div>
    <h1
      aria-label="h1Content"
      class="tagh1"
    >
      Hello there I'm back, and i'm here testing knowlwdge
    </h1>
    <input
      data-testid="inputTag"
      placeholder="Enter Text"
      type="text"
      value=""
    />
    <input
      data-testid="outputTag"
      placeholder="OutPutTag"
      type="text"
      value=""
    />
  </div>
</DocumentFragment>
`;
