// Jest Snapshot v1, https://goo.gl/fbAQLP

exports[`my todo snapshot  1`] = `
<DocumentFragment>
  <div>
    <form
      data-testid="form"
    >
      <h1>
        Add Todo Here
      </h1>
      <input
        class="inputTag"
        placeholder="Add Todo To Display"
        type="text"
        value=""
      />
    </form>
    <h3>
      Nothing To Delete
    </h3>
  </div>
</DocumentFragment>
`;
