// Jest Snapshot v1, https://goo.gl/fbAQLP

exports[`Take a Snapshot 1`] = `
<DocumentFragment>
  <div
    class="App"
  >
    <div>
      <h1
        data-testid="h1Content"
      >
        Hello there I'm back, and i'm came here with testing knowlwdge
      </h1>
    </div>
  </div>
</DocumentFragment>
`;
