// Jest Snapshot v1, https://goo.gl/fbAQLP

exports[`Take a Snapshot 1`] = `
<DocumentFragment>
  <div
    class="App"
  >
    <div>
      <h1
        aria-label="h1Content"
        class="tagh1"
      >
        Hello there I'm back, and i'm here testing knowlwdge
      </h1>
      <input
        data-testid="inputTag"
        placeholder="Enter Text"
        type="text"
        value=""
      />
      <input
        data-testid="outputTag"
        placeholder="OutPutTag"
        type="text"
        value=""
      />
    </div>
  </div>
</DocumentFragment>
`;
